Mus_musculus_chr11.trna238-AlaAGC	Ala (AGC)	72
Mus_musculus_chrX.trna159-AlaAGC	Ala (AGC)	73
Mus_musculus_chr11.trna1203-AlaAGC	Ala (AGC)	73
Mus_musculus_chr9.trna1100-AlaAGC	Ala (AGC)	83
Mus_musculus_chr10.trna989-AlaAGC	Ala (AGC)	73
Mus_musculus_chr10.trna1130-AlaAGC	Ala (AGC)	73
Mus_musculus_chr13.trna975-AlaAGC	Ala (AGC)	73
Mus_musculus_chr4.trna641-AlaAGC	Ala (AGC)	72
Mus_musculus_chr19.trna8-AlaAGC	Ala (AGC)	73
Mus_musculus_chr13.trna94-AlaAGC	Ala (AGC)	73
Mus_musculus_chr13.trna96-AlaAGC	Ala (AGC)	73
Mus_musculus_chr13.trna978-AlaAGC	Ala (AGC)	73
Mus_musculus_chr13.trna102-AlaAGC	Ala (AGC)	73
Mus_musculus_chr3.trna29-AlaAGC	Ala (AGC)	73
Mus_musculus_chr5.trna110-AlaAGC	Ala (AGC)	73
Mus_musculus_chr13.trna66-AlaAGC	Ala (AGC)	72
Mus_musculus_chr13.trna67-AlaAGC	Ala (AGC)	72
Mus_musculus_chr13.trna69-AlaAGC	Ala (AGC)	72
Mus_musculus_chr13.trna71-AlaAGC	Ala (AGC)	72
Mus_musculus_chrX.trna373-AlaCGC	Ala (CGC)	73
Mus_musculus_chrX.trna636-AlaCGC	Ala (CGC)	72
Mus_musculus_chr4.trna622-AlaCGC	Ala (CGC)	72
Mus_musculus_chrX.trna364-AlaCGC	Ala (CGC)	72
Mus_musculus_chrX.trna369-AlaCGC	Ala (CGC)	72
Mus_musculus_chrX.trna639-AlaCGC	Ala (CGC)	72
Mus_musculus_chrX.trna640-AlaCGC	Ala (CGC)	72
Mus_musculus_chr2.trna263-AlaCGC	Ala (CGC)	72
Mus_musculus_chr13.trna70-AlaCGC	Ala (CGC)	72
Mus_musculus_chr13.trna967-AlaCGC	Ala (CGC)	72
Mus_musculus_chrX.trna375-AlaTGC	Ala (TGC)	72
Mus_musculus_chrX.trna363-AlaTGC	Ala (TGC)	72
Mus_musculus_chrX.trna371-AlaTGC	Ala (TGC)	72
Mus_musculus_chrX.trna637-AlaTGC	Ala (TGC)	72
Mus_musculus_chr5.trna703-AlaTGC	Ala (TGC)	72
Mus_musculus_chrX.trna366-AlaTGC	Ala (TGC)	72
Mus_musculus_chrX.trna368-AlaTGC	Ala (TGC)	72
Mus_musculus_chrX.trna372-AlaTGC	Ala (TGC)	72
Mus_musculus_chr11.trna2022-AlaTGC	Ala (TGC)	72
Mus_musculus_chr5.trna1318-AlaTGC	Ala (TGC)	72
Mus_musculus_chr13.trna68-AlaTGC	Ala (TGC)	72
Mus_musculus_chr13.trna985-ArgACG	Arg (ACG)	73
Mus_musculus_chr9.trna783-ArgACG	Arg (ACG)	73
Mus_musculus_chr3.trna1040-ArgACG	Arg (ACG)	73
Mus_musculus_chr13.trna963-ArgACG	Arg (ACG)	73
Mus_musculus_chr13.trna965-ArgACG	Arg (ACG)	73
Mus_musculus_chr14.trna210-ArgACG	Arg (ACG)	73
Mus_musculus_chr11.trna945-ArgCCG	Arg (CCG)	73
Mus_musculus_chr17.trna993-ArgCCG	Arg (CCG)	73
Mus_musculus_chr13.trna1009-ArgCCG	Arg (CCG)	73
Mus_musculus_chr6.trna107-ArgCCT	Arg (CCT)	73
Mus_musculus_chr17.trna994-ArgCCT	Arg (CCT)	73
Mus_musculus_chr11.trna1234-ArgCCT	Arg (CCT)	73
Mus_musculus_chrX.trna321-ArgCCT	Arg (CCT)	73
Mus_musculus_chr11.trna1022-ArgCCT	Arg (CCT)	73
Mus_musculus_chr13.trna960-ArgTCG	Arg (TCG)	73
Mus_musculus_chr13.trna74-ArgTCG	Arg (TCG)	73
Mus_musculus_chr13.trna961-ArgTCG	Arg (TCG)	73
Mus_musculus_chr11.trna1023-ArgTCG	Arg (TCG)	73
Mus_musculus_chr7.trna389-ArgTCG	Arg (TCG)	73
Mus_musculus_chr1.trna730-ArgTCT	Arg (TCT)	74
Mus_musculus_chr19.trna639-ArgTCT	Arg (TCT)	86
Mus_musculus_chr3.trna628-ArgTCT	Arg (TCT)	85
Mus_musculus_chr13.trna997-ArgTCT	Arg (TCT)	86
Mus_musculus_chr11.trna1818-ArgTCT	Arg (TCT)	87
Mus_musculus_chr3.trna285-AsnGTT	Asn (GTT)	74
Mus_musculus_chr15.trna1013-AsnGTT	Asn (GTT)	74
Mus_musculus_chr1.trna819-AsnGTT	Asn (GTT)	74
Mus_musculus_chr3.trna283-AsnGTT	Asn (GTT)	74
Mus_musculus_chr3.trna757-AsnGTT	Asn (GTT)	74
Mus_musculus_chr10.trna390-AsnGTT	Asn (GTT)	74
Mus_musculus_chr1.trna1014-AsnGTT	Asn (GTT)	74
Mus_musculus_chr11.trna1446-AsnGTT	Asn (GTT)	74
Mus_musculus_chr2.trna1947-AsnGTT	Asn (GTT)	74
Mus_musculus_chr3.trna289-AsnGTT	Asn (GTT)	74
Mus_musculus_chr3.trna294-AsnGTT	Asn (GTT)	74
Mus_musculus_chr3.trna298-AsnGTT	Asn (GTT)	74
Mus_musculus_chr3.trna750-AsnGTT	Asn (GTT)	74
Mus_musculus_chr5.trna1044-AsnGTT	Asn (GTT)	74
Mus_musculus_chr5.trna1610-AspGTC	Asp (GTC)	72
Mus_musculus_chr2.trna511-AspGTC	Asp (GTC)	72
Mus_musculus_chr10.trna861-AspGTC	Asp (GTC)	72
Mus_musculus_chr1.trna1002-AspGTC	Asp (GTC)	72
Mus_musculus_chr1.trna1005-AspGTC	Asp (GTC)	72
Mus_musculus_chr1.trna1008-AspGTC	Asp (GTC)	72
Mus_musculus_chr1.trna1013-AspGTC	Asp (GTC)	72
Mus_musculus_chr11.trna397-AspGTC	Asp (GTC)	72
Mus_musculus_chr11.trna69-AspGTC	Asp (GTC)	72
Mus_musculus_chr13.trna84-AspGTC	Asp (GTC)	72
Mus_musculus_chr13.trna991-AspGTC	Asp (GTC)	72
Mus_musculus_chr13.trna993-AspGTC	Asp (GTC)	72
Mus_musculus_chr1.trna707-AspGTC	Asp (GTC)	72
Mus_musculus_chr5.trna1315-AspGTC	Asp (GTC)	72
Mus_musculus_chr5.trna1317-AspGTC	Asp (GTC)	72
Mus_musculus_chr10.trna866-AspGTC	Asp (GTC)	72
Mus_musculus_chr6.trna170-CysGCA	Cys (GCA)	72
Mus_musculus_chr6.trna177-CysGCA	Cys (GCA)	70
Mus_musculus_chr6.trna1020-CysGCA	Cys (GCA)	72
Mus_musculus_chr6.trna1033-CysGCA	Cys (GCA)	72
Mus_musculus_chr6.trna180-CysGCA	Cys (GCA)	72
Mus_musculus_chr6.trna174-CysGCA	Cys (GCA)	72
Mus_musculus_chr6.trna1015-CysGCA	Cys (GCA)	72
Mus_musculus_chr6.trna167-CysGCA	Cys (GCA)	72
Mus_musculus_chr6.trna176-CysGCA	Cys (GCA)	72
Mus_musculus_chr6.trna1034-CysGCA	Cys (GCA)	72
Mus_musculus_chr6.trna182-CysGCA	Cys (GCA)	72
Mus_musculus_chr6.trna1018-CysGCA	Cys (GCA)	72
Mus_musculus_chr6.trna162-CysGCA	Cys (GCA)	72
Mus_musculus_chr6.trna179-CysGCA	Cys (GCA)	72
Mus_musculus_chr6.trna1023-CysGCA	Cys (GCA)	72
Mus_musculus_chr6.trna1014-CysGCA	Cys (GCA)	72
Mus_musculus_chr6.trna175-CysGCA	Cys (GCA)	72
Mus_musculus_chr11.trna1444-CysGCA	Cys (GCA)	72
Mus_musculus_chr6.trna1005-CysGCA	Cys (GCA)	72
Mus_musculus_chr6.trna1006-CysGCA	Cys (GCA)	72
Mus_musculus_chr6.trna1008-CysGCA	Cys (GCA)	72
Mus_musculus_chr6.trna1009-CysGCA	Cys (GCA)	72
Mus_musculus_chr6.trna1010-CysGCA	Cys (GCA)	72
Mus_musculus_chr6.trna1011-CysGCA	Cys (GCA)	72
Mus_musculus_chr6.trna1012-CysGCA	Cys (GCA)	72
Mus_musculus_chr6.trna1013-CysGCA	Cys (GCA)	72
Mus_musculus_chr6.trna1016-CysGCA	Cys (GCA)	72
Mus_musculus_chr6.trna1019-CysGCA	Cys (GCA)	72
Mus_musculus_chr6.trna1021-CysGCA	Cys (GCA)	72
Mus_musculus_chr6.trna1022-CysGCA	Cys (GCA)	72
Mus_musculus_chr6.trna1024-CysGCA	Cys (GCA)	72
Mus_musculus_chr6.trna1025-CysGCA	Cys (GCA)	72
Mus_musculus_chr6.trna1027-CysGCA	Cys (GCA)	72
Mus_musculus_chr6.trna1030-CysGCA	Cys (GCA)	72
Mus_musculus_chr6.trna1031-CysGCA	Cys (GCA)	72
Mus_musculus_chr6.trna1032-CysGCA	Cys (GCA)	72
Mus_musculus_chr6.trna161-CysGCA	Cys (GCA)	72
Mus_musculus_chr6.trna163-CysGCA	Cys (GCA)	72
Mus_musculus_chr6.trna164-CysGCA	Cys (GCA)	72
Mus_musculus_chr6.trna166-CysGCA	Cys (GCA)	72
Mus_musculus_chr6.trna168-CysGCA	Cys (GCA)	72
Mus_musculus_chr6.trna171-CysGCA	Cys (GCA)	72
Mus_musculus_chr6.trna172-CysGCA	Cys (GCA)	72
Mus_musculus_chr6.trna173-CysGCA	Cys (GCA)	72
Mus_musculus_chr6.trna178-CysGCA	Cys (GCA)	72
Mus_musculus_chr6.trna181-CysGCA	Cys (GCA)	72
Mus_musculus_chr9.trna592-CysGCA	Cys (GCA)	72
Mus_musculus_chr6.trna1026-CysGCA	Cys (GCA)	72
Mus_musculus_chr6.trna1029-CysGCA	Cys (GCA)	72
Mus_musculus_chr6.trna1017-CysGCA	Cys (GCA)	72
Mus_musculus_chr11.trna1442-CysGCA	Cys (GCA)	72
Mus_musculus_chr17.trna457-CysGCA	Cys (GCA)	72
Mus_musculus_chr9.trna593-CysGCA	Cys (GCA)	72
Mus_musculus_chr11.trna1432-CysGCA	Cys (GCA)	72
Mus_musculus_chr11.trna1433-CysGCA	Cys (GCA)	72
Mus_musculus_chr11.trna791-CysGCA	Cys (GCA)	72
Mus_musculus_chr6.trna157-CysGCA	Cys (GCA)	72
Mus_musculus_chr13.trna987-GlnCTG	Gln (CTG)	72
Mus_musculus_chr3.trna309-GlnCTG	Gln (CTG)	72
Mus_musculus_chr3.trna297-GlnCTG	Gln (CTG)	72
Mus_musculus_chr3.trna753-GlnCTG	Gln (CTG)	72
Mus_musculus_chr3.trna756-GlnCTG	Gln (CTG)	72
Mus_musculus_chr11.trna1817-GlnCTG	Gln (CTG)	72
Mus_musculus_chr13.trna64-GlnCTG	Gln (CTG)	72
Mus_musculus_chr13.trna994-GlnCTG	Gln (CTG)	72
Mus_musculus_chr9.trna342-GlnCTG	Gln (CTG)	72
Mus_musculus_chr13.trna87-GlnCTG	Gln (CTG)	72
Mus_musculus_chrX.trna940-GlnTTG	Gln (TTG)	72
Mus_musculus_chr11.trna630-GlnTTG	Gln (TTG)	72
Mus_musculus_chr13.trna1007-GlnTTG	Gln (TTG)	72
Mus_musculus_chr13.trna113-GlnTTG	Gln (TTG)	72
Mus_musculus_chr13.trna114-GlnTTG	Gln (TTG)	72
Mus_musculus_chr11.trna1493-GlnTTG	Gln (TTG)	72
Mus_musculus_chr3.trna622-GluCTC	Glu (CTC)	72
Mus_musculus_chr12.trna892-GluCTC	Glu (CTC)	72
Mus_musculus_chr7.trna969-GluCTC	Glu (CTC)	72
Mus_musculus_chr17.trna719-GluCTC	Glu (CTC)	72
Mus_musculus_chr10.trna90-GluCTC	Glu (CTC)	72
Mus_musculus_chr1.trna1004-GluCTC	Glu (CTC)	72
Mus_musculus_chr1.trna1007-GluCTC	Glu (CTC)	72
Mus_musculus_chr1.trna1010-GluCTC	Glu (CTC)	72
Mus_musculus_chr11.trna1912-GluCTC	Glu (CTC)	72
Mus_musculus_chr13.trna1013-GluCTC	Glu (CTC)	72
Mus_musculus_chr1.trna709-GluCTC	Glu (CTC)	72
Mus_musculus_chr3.trna303-GluCTC	Glu (CTC)	72
Mus_musculus_chr3.trna745-GluCTC	Glu (CTC)	72
Mus_musculus_chr3.trna286-GluTTC	Glu (TTC)	72
Mus_musculus_chr3.trna754-GluTTC	Glu (TTC)	72
Mus_musculus_chr1.trna1555-GluTTC	Glu (TTC)	72
Mus_musculus_chr14.trna364-GluTTC	Glu (TTC)	72
Mus_musculus_chr13.trna105-GluTTC	Glu (TTC)	72
Mus_musculus_chr14.trna352-GluTTC	Glu (TTC)	72
Mus_musculus_chr7.trna339-GluTTC	Glu (TTC)	72
Mus_musculus_chr9.trna961-GluTTC	Glu (TTC)	72
Mus_musculus_chr11.trna205-GlyACC	Gly (ACC)	74
Mus_musculus_chr3.trna282-GlyCCC	Gly (CCC)	71
Mus_musculus_chr4.trna67-GlyCCC	Gly (CCC)	71
Mus_musculus_chr3.trna287-GlyCCC	Gly (CCC)	71
Mus_musculus_chr3.trna755-GlyCCC	Gly (CCC)	71
Mus_musculus_chr3.trna752-GlyCCC	Gly (CCC)	71
Mus_musculus_chr17.trna112-GlyCCC	Gly (CCC)	71
Mus_musculus_chr6.trna317-GlyCCC	Gly (CCC)	71
Mus_musculus_chr4.trna1308-GlyGCC	Gly (GCC)	71
Mus_musculus_chr8.trna562-GlyGCC	Gly (GCC)	71
Mus_musculus_chr1.trna1400-GlyGCC	Gly (GCC)	71
Mus_musculus_chr11.trna1819-GlyGCC	Gly (GCC)	71
Mus_musculus_chr13.trna110-GlyGCC	Gly (GCC)	71
Mus_musculus_chr13.trna77-GlyGCC	Gly (GCC)	71
Mus_musculus_chr1.trna699-GlyGCC	Gly (GCC)	71
Mus_musculus_chr2.trna1747-GlyGCC	Gly (GCC)	71
Mus_musculus_chr3.trna878-GlyGCC	Gly (GCC)	71
Mus_musculus_chr8.trna891-GlyGCC	Gly (GCC)	71
Mus_musculus_chr8.trna892-GlyGCC	Gly (GCC)	71
Mus_musculus_chr1.trna702-GlyGCC	Gly (GCC)	71
Mus_musculus_chr1.trna704-GlyGCC	Gly (GCC)	71
Mus_musculus_chr1.trna706-GlyGCC	Gly (GCC)	71
Mus_musculus_chr1.trna1003-GlyTCC	Gly (TCC)	72
Mus_musculus_chr1.trna1006-GlyTCC	Gly (TCC)	72
Mus_musculus_chr1.trna1009-GlyTCC	Gly (TCC)	72
Mus_musculus_chr1.trna1012-GlyTCC	Gly (TCC)	72
Mus_musculus_chr11.trna1824-GlyTCC	Gly (TCC)	72
Mus_musculus_chr1.trna708-GlyTCC	Gly (TCC)	72
Mus_musculus_chr3.trna746-GlyTCC	Gly (TCC)	72
Mus_musculus_chr1.trna717-HisATG	His (ATG)	73
Mus_musculus_chr3.trna293-HisGTG	His (GTG)	72
Mus_musculus_chr2.trna1431-HisGTG	His (GTG)	72
Mus_musculus_chr2.trna1432-HisGTG	His (GTG)	72
Mus_musculus_chr2.trna587-HisGTG	His (GTG)	72
Mus_musculus_chr3.trna291-HisGTG	His (GTG)	72
Mus_musculus_chr3.trna295-HisGTG	His (GTG)	72
Mus_musculus_chr3.trna747-HisGTG	His (GTG)	72
Mus_musculus_chr3.trna751-HisGTG	His (GTG)	72
Mus_musculus_chr4.trna1691-HisGTG	His (GTG)	72
Mus_musculus_chr3.trna749-HisGTG	His (GTG)	72
Mus_musculus_chr16.trna315-IleAAT	Ile (AAT)	74
Mus_musculus_chr4.trna62-IleAAT	Ile (AAT)	74
Mus_musculus_chr13.trna100-IleAAT	Ile (AAT)	74
Mus_musculus_chr11.trna1823-IleAAT	Ile (AAT)	74
Mus_musculus_chr11.trna393-IleAAT	Ile (AAT)	74
Mus_musculus_chr12.trna476-IleAAT	Ile (AAT)	74
Mus_musculus_chr13.trna1001-IleAAT	Ile (AAT)	74
Mus_musculus_chr13.trna1002-IleAAT	Ile (AAT)	74
Mus_musculus_chr13.trna92-IleAAT	Ile (AAT)	74
Mus_musculus_chr13.trna968-IleAAT	Ile (AAT)	74
Mus_musculus_chr13.trna980-IleAAT	Ile (AAT)	74
Mus_musculus_chr2.trna1506-IleGAT	Ile (GAT)	74
Mus_musculus_chr1.trna583-IleTAT	Ile (TAT)	73
Mus_musculus_chr13.trna999-IleTAT	Ile (TAT)	94
Mus_musculus_chr13.trna981-IleTAT	Ile (TAT)	96
Mus_musculus_chr7.trna158-IleTAT	Ile (TAT)	95
Mus_musculus_chr17.trna515-IleTAT	Ile (TAT)	93
Mus_musculus_chr16.trna4-LeuAAG	Leu (AAG)	72
Mus_musculus_chr16.trna829-LeuAAG	Leu (AAG)	72
Mus_musculus_chr19.trna2-LeuAAG	Leu (AAG)	72
Mus_musculus_chr7.trna561-LeuAAG	Leu (AAG)	82
Mus_musculus_chr13.trna63-LeuAAG	Leu (AAG)	82
Mus_musculus_chr11.trna2021-LeuAAG	Leu (AAG)	82
Mus_musculus_chr13.trna62-LeuAAG	Leu (AAG)	82
Mus_musculus_chr14.trna189-LeuAAG	Leu (AAG)	82
Mus_musculus_chr13.trna1010-LeuCAA	Leu (CAA)	106
Mus_musculus_chr13.trna65-LeuCAA	Leu (CAA)	105
Mus_musculus_chr13.trna85-LeuCAA	Leu (CAA)	106
Mus_musculus_chr11.trna1911-LeuCAA	Leu (CAA)	107
Mus_musculus_chr3.trna1026-LeuCAG	Leu (CAG)	83
Mus_musculus_chr8.trna171-LeuCAG	Leu (CAG)	83
Mus_musculus_chr1.trna698-LeuCAG	Leu (CAG)	83
Mus_musculus_chr8.trna1013-LeuCAG	Leu (CAG)	83
Mus_musculus_chr8.trna416-LeuCAG	Leu (CAG)	83
Mus_musculus_chr1.trna1001-LeuCAG	Leu (CAG)	83
Mus_musculus_chr13.trna964-LeuCAG	Leu (CAG)	83
Mus_musculus_chr1.trna701-LeuCAG	Leu (CAG)	83
Mus_musculus_chr1.trna703-LeuCAG	Leu (CAG)	83
Mus_musculus_chr1.trna705-LeuCAG	Leu (CAG)	83
Mus_musculus_chrM.trna1-LeuTAA	Leu (TAA)	75
Mus_musculus_chrX.trna463-LeuTAA	Leu (TAA)	83
Mus_musculus_chr13.trna1003-LeuTAA	Leu (TAA)	83
Mus_musculus_chr10.trna1326-LeuTAA	Leu (TAA)	83
Mus_musculus_chr19.trna640-LeuTAA	Leu (TAA)	83
Mus_musculus_chr7.trna863-LeuTAG	Leu (TAG)	82
Mus_musculus_chr14.trna709-LeuTAG	Leu (TAG)	82
Mus_musculus_chr11.trna401-LeuTAG	Leu (TAG)	82
Mus_musculus_chr3.trna1-LysCTT	Lys (CTT)	73
Mus_musculus_chr16.trna267-LysCTT	Lys (CTT)	73
Mus_musculus_chr16.trna76-LysCTT	Lys (CTT)	73
Mus_musculus_chr9.trna1514-LysCTT	Lys (CTT)	73
Mus_musculus_chr11.trna1752-LysCTT	Lys (CTT)	73
Mus_musculus_chr13.trna1053-LysCTT	Lys (CTT)	73
Mus_musculus_chr1.trna1276-LysCTT	Lys (CTT)	73
Mus_musculus_chr5.trna1628-LysCTT	Lys (CTT)	73
Mus_musculus_chr3.trna2-LysCTT	Lys (CTT)	73
Mus_musculus_chr11.trna2023-LysCTT	Lys (CTT)	73
Mus_musculus_chr13.trna103-LysCTT	Lys (CTT)	73
Mus_musculus_chr17.trna81-LysCTT	Lys (CTT)	73
Mus_musculus_chr17.trna83-LysCTT	Lys (CTT)	73
Mus_musculus_chr17.trna999-LysCTT	Lys (CTT)	73
Mus_musculus_chr3.trna292-LysCTT	Lys (CTT)	73
Mus_musculus_chr3.trna748-LysCTT	Lys (CTT)	73
Mus_musculus_chr12.trna796-LysCTT	Lys (CTT)	73
Mus_musculus_chr9.trna1035-LysCTT	Lys (CTT)	73
Mus_musculus_chrX.trna643-LysCTT	Lys (CTT)	73
Mus_musculus_chr8.trna320-LysTTT	Lys (TTT)	73
Mus_musculus_chr10.trna895-LysTTT	Lys (TTT)	73
Mus_musculus_chr13.trna89-LysTTT	Lys (TTT)	73
Mus_musculus_chr13.trna83-LysTTT	Lys (TTT)	73
Mus_musculus_chr7.trna1280-LysTTT	Lys (TTT)	73
Mus_musculus_chr11.trna1816-LysTTT	Lys (TTT)	73
Mus_musculus_chr1.trna1192-LysTTT	Lys (TTT)	73
Mus_musculus_chr13.trna1012-LysTTT	Lys (TTT)	73
Mus_musculus_chr1.trna485-LysTTT	Lys (TTT)	73
Mus_musculus_chr19.trna107-LysTTT	Lys (TTT)	73
Mus_musculus_chr19.trna641-LysTTT	Lys (TTT)	73
Mus_musculus_chr11.trna1132-MetCAT	Met (CAT)	73
Mus_musculus_chr19.trna371-MetCAT	Met (CAT)	73
Mus_musculus_chr13.trna82-MetCAT	Met (CAT)	72
Mus_musculus_chr15.trna876-MetCAT	Met (CAT)	72
Mus_musculus_chr15.trna355-MetCAT	Met (CAT)	73
Mus_musculus_chr13.trna108-MetCAT	Met (CAT)	72
Mus_musculus_chr13.trna111-MetCAT	Met (CAT)	72
Mus_musculus_chr13.trna78-MetCAT	Met (CAT)	72
Mus_musculus_chr13.trna90-MetCAT	Met (CAT)	72
Mus_musculus_chr13.trna959-MetCAT	Met (CAT)	72
Mus_musculus_chr13.trna995-MetCAT	Met (CAT)	72
Mus_musculus_chr3.trna792-MetCAT	Met (CAT)	72
Mus_musculus_chr13.trna99-MetCAT	Met (CAT)	73
Mus_musculus_chr13.trna1006-MetCAT	Met (CAT)	73
Mus_musculus_chr13.trna1011-MetCAT	Met (CAT)	73
Mus_musculus_chr13.trna61-MetCAT	Met (CAT)	73
Mus_musculus_chr15.trna913-MetCAT	Met (CAT)	73
Mus_musculus_chr8.trna788-MetCAT	Met (CAT)	73
Mus_musculus_chr10.trna1111-MetCAT	Met (CAT)	93
Mus_musculus_chr13.trna1000-PheGAA	Phe (GAA)	73
Mus_musculus_chr19.trna108-PheGAA	Phe (GAA)	73
Mus_musculus_chr10.trna971-PheGAA	Phe (GAA)	73
Mus_musculus_chr13.trna60-PheGAA	Phe (GAA)	73
Mus_musculus_chr14.trna462-PheGAA	Phe (GAA)	73
Mus_musculus_chr19.trna106-PheGAA	Phe (GAA)	73
Mus_musculus_chr5.trna1316-PheGAA	Phe (GAA)	73
Mus_musculus_chr1.trna284-ProAGG	Pro (AGG)	72
Mus_musculus_chr13.trna969-ProAGG	Pro (AGG)	72
Mus_musculus_chr14.trna711-ProAGG	Pro (AGG)	72
Mus_musculus_chr1.trna672-ProAGG	Pro (AGG)	72
Mus_musculus_chr3.trna93-ProAGG	Pro (AGG)	72
Mus_musculus_chr6.trna46-ProAGG	Pro (AGG)	72
Mus_musculus_chr7.trna979-ProAGG	Pro (AGG)	72
Mus_musculus_chr1.trna1030-ProCGG	Pro (CGG)	72
Mus_musculus_chr11.trna396-ProCGG	Pro (CGG)	72
Mus_musculus_chr17.trna82-ProCGG	Pro (CGG)	72
Mus_musculus_chr17.trna997-ProTGG	Pro (TGG)	72
Mus_musculus_chr11.trna372-ProTGG	Pro (TGG)	72
Mus_musculus_chrX.trna935-ProTGG	Pro (TGG)	72
Mus_musculus_chr11.trna207-ProTGG	Pro (TGG)	72
Mus_musculus_chr14.trna193-ProTGG	Pro (TGG)	72
Mus_musculus_chr17.trna995-ProTGG	Pro (TGG)	72
Mus_musculus_chr3.trna92-ProTGG	Pro (TGG)	72
Mus_musculus_chr7.trna443-ProTGG	Pro (TGG)	72
Mus_musculus_chr7.trna88-SeC(e)TCA	SeC(e) (TCA)	86
Mus_musculus_chr5.trna13-SeCTCA	SeC (TCA)	71
Mus_musculus_chrX.trna494-SerAGA	Ser (AGA)	82
Mus_musculus_chr11.trna394-SerAGA	Ser (AGA)	82
Mus_musculus_chr13.trna86-SerAGA	Ser (AGA)	82
Mus_musculus_chr13.trna88-SerAGA	Ser (AGA)	82
Mus_musculus_chr13.trna962-SerAGA	Ser (AGA)	82
Mus_musculus_chr13.trna990-SerAGA	Ser (AGA)	82
Mus_musculus_chr4.trna16-SerAGA	Ser (AGA)	82
Mus_musculus_chr13.trna992-SerAGA	Ser (AGA)	82
Mus_musculus_chr5.trna1136-SerAGA	Ser (AGA)	127
Mus_musculus_chr13.trna984-SerCGA	Ser (CGA)	82
Mus_musculus_chr10.trna698-SerCGA	Ser (CGA)	82
Mus_musculus_chr11.trna400-SerCGA	Ser (CGA)	82
Mus_musculus_chr1.trna791-SerGCT	Ser (GCT)	82
Mus_musculus_chr13.trna1004-SerGCT	Ser (GCT)	82
Mus_musculus_chr11.trna1821-SerGCT	Ser (GCT)	82
Mus_musculus_chr13.trna115-SerGCT	Ser (GCT)	82
Mus_musculus_chr13.trna982-SerGCT	Ser (GCT)	82
Mus_musculus_chr19.trna713-SerGCT	Ser (GCT)	82
Mus_musculus_chr2.trna1509-SerGCT	Ser (GCT)	82
Mus_musculus_chr13.trna988-SerGCT	Ser (GCT)	82
Mus_musculus_chr11.trna832-SerGGA	Ser (GGA)	73
Mus_musculus_chr13.trna112-SerTGA	Ser (TGA)	82
Mus_musculus_chr13.trna996-SerTGA	Ser (TGA)	82
Mus_musculus_chr10.trna1105-SerTGA	Ser (TGA)	82
Mus_musculus_chr13.trna79-SupTTA	Sup (TTA)	83
Mus_musculus_chr13.trna983-ThrAGT	Thr (AGT)	74
Mus_musculus_chr14.trna634-ThrAGT	Thr (AGT)	74
Mus_musculus_chr13.trna1008-ThrAGT	Thr (AGT)	74
Mus_musculus_chr13.trna81-ThrAGT	Thr (AGT)	74
Mus_musculus_chr11.trna399-ThrAGT	Thr (AGT)	74
Mus_musculus_chr13.trna104-ThrAGT	Thr (AGT)	74
Mus_musculus_chr11.trna1822-ThrAGT	Thr (AGT)	74
Mus_musculus_chr11.trna395-ThrAGT	Thr (AGT)	74
Mus_musculus_chr7.trna1217-ThrAGT	Thr (AGT)	74
Mus_musculus_chr18.trna633-ThrCGT	Thr (CGT)	72
Mus_musculus_chr13.trna72-ThrCGT	Thr (CGT)	74
Mus_musculus_chr11.trna550-ThrCGT	Thr (CGT)	72
Mus_musculus_chr13.trna75-ThrCGT	Thr (CGT)	74
Mus_musculus_chr16.trna50-ThrCGT	Thr (CGT)	72
Mus_musculus_chr14.trna191-ThrTGT	Thr (TGT)	73
Mus_musculus_chr11.trna206-ThrTGT	Thr (TGT)	73
Mus_musculus_chr14.trna710-ThrTGT	Thr (TGT)	73
Mus_musculus_chr13.trna73-ThrTGT	Thr (TGT)	74
Mus_musculus_chr10.trna1292-TrpCCA	Trp (CCA)	72
Mus_musculus_chr10.trna867-TrpCCA	Trp (CCA)	72
Mus_musculus_chr13.trna107-TrpCCA	Trp (CCA)	72
Mus_musculus_chr13.trna109-TrpCCA	Trp (CCA)	72
Mus_musculus_chr11.trna1880-TrpCCA	Trp (CCA)	72
Mus_musculus_chr11.trna1820-TrpCCA	Trp (CCA)	72
Mus_musculus_chr11.trna398-TrpCCA	Trp (CCA)	72
Mus_musculus_chr11.trna1849-TrpCCA	Trp (CCA)	72
Mus_musculus_chr3.trna27-TyrGTA	Tyr (GTA)	93
Mus_musculus_chr3.trna28-TyrGTA	Tyr (GTA)	89
Mus_musculus_chr13.trna973-TyrGTA	Tyr (GTA)	89
Mus_musculus_chr13.trna101-TyrGTA	Tyr (GTA)	88
Mus_musculus_chr13.trna972-TyrGTA	Tyr (GTA)	86
Mus_musculus_chr13.trna971-TyrGTA	Tyr (GTA)	89
Mus_musculus_chr13.trna970-TyrGTA	Tyr (GTA)	88
Mus_musculus_chr13.trna106-TyrGTA	Tyr (GTA)	90
Mus_musculus_chr5.trna109-TyrGTA	Tyr (GTA)	89
Mus_musculus_chr14.trna192-TyrGTA	Tyr (GTA)	90
Mus_musculus_chr4.trna1177-ValAAC	Val (AAC)	72
Mus_musculus_chr13.trna977-ValAAC	Val (AAC)	73
Mus_musculus_chr13.trna986-ValAAC	Val (AAC)	73
Mus_musculus_chr13.trna93-ValAAC	Val (AAC)	73
Mus_musculus_chr13.trna974-ValAAC	Val (AAC)	73
Mus_musculus_chr13.trna95-ValAAC	Val (AAC)	73
Mus_musculus_chr11.trna208-ValAAC	Val (AAC)	73
Mus_musculus_chr3.trna48-ValAAC	Val (AAC)	73
Mus_musculus_chr3.trna928-ValCAC	Val (CAC)	72
Mus_musculus_chr13.trna976-ValCAC	Val (CAC)	73
Mus_musculus_chr17.trna391-ValCAC	Val (CAC)	73
Mus_musculus_chr13.trna97-ValCAC	Val (CAC)	73
Mus_musculus_chr6.trna10-ValCAC	Val (CAC)	73
Mus_musculus_chr11.trna204-ValCAC	Val (CAC)	73
Mus_musculus_chr13.trna91-ValCAC	Val (CAC)	73
Mus_musculus_chr13.trna966-ValCAC	Val (CAC)	73
Mus_musculus_chr1.trna710-ValCAC	Val (CAC)	73
Mus_musculus_chr3.trna284-ValCAC	Val (CAC)	73
Mus_musculus_chr13.trna98-ValCAC	Val (CAC)	73
Mus_musculus_chr6.trna651-ValGAC	Val (GAC)	74
Mus_musculus_chr19.trna109-ValTAC	Val (TAC)	73
Mus_musculus_chr19.trna110-ValTAC	Val (TAC)	73
Mus_musculus_chrX.trna460-ValTAC	Val (TAC)	73
